0,0.00,Steven Sleder,St_Sleder,0
1,100.00,Bo Sleder,Bo_Sleder,0
2,100.00,Jo Sleder,Jo_Sleder,0
